apk_path=lib/arm64-v8a/libarcore_sdk_c.so, compress=False, alignment=4096
apk_path=lib/arm64-v8a/libcrashpad_handler_trampoline.so, compress=False, alignment=4096
apk_path=lib/arm64-v8a/libmonochrome_64.so, compress=False, alignment=4096
apk_path=assets/icudtl.dat, compress=False, alignment=4
apk_path=assets/snapshot_blob_64.bin, compress=False, alignment=4
