---
NAME_FIRST: John
NAME_MIDDLE:
NAME_LAST: Doe
NAME_FULL: John Doe
EMAIL_ADDRESS: john.doe@example.com
COMPANY_NAME: TestCo
ADDRESS_HOME_STREET_ADDRESS: 1600 Amphitheatre Parkway
(Bldg. 1950)
ADDRESS_HOME_CITY: Mountain View
ADDRESS_HOME_STATE: CA
ADDRESS_HOME_ZIP: 94043
ADDRESS_HOME_COUNTRY: US
PHONE_HOME_WHOLE_NUMBER: (650) 555-8888
---
NAME_FIRST: Jim
NAME_MIDDLE:
NAME_LAST: Smith
NAME_FULL: Jim Smith
EMAIL_ADDRESS: john.doe@example.com
COMPANY_NAME:
ADDRESS_HOME_STREET_ADDRESS: Apt 2
ADDRESS_HOME_CITY: Mountain View
ADDRESS_HOME_STATE: CA
ADDRESS_HOME_ZIP: 94043
ADDRESS_HOME_COUNTRY: US
PHONE_HOME_WHOLE_NUMBER:
