SEARCH_TERM | ctl00$ctl00$ctl00$BaseContentPlaceHolder$cHeader$searchtext | DownloadsGames & Add-Ons Pre-OwnedGreat Values Learn How To Join |  | ctl00$ctl00$ctl00$BaseContentPlaceHolder$cHeader$searchtext_1
NAME_FIRST | ctl00$ctl00$ctl00$BaseContentPlaceHolder$mainContentPlaceHolder$MainContentPlaceHolder$AddressDetails$AddressDetails$textFirstName | First Name: |  | ctl00$ctl00$ctl00$BaseContentPlaceHolder$cHeader$searchtext_1
NAME_LAST | ctl00$ctl00$ctl00$BaseContentPlaceHolder$mainContentPlaceHolder$MainContentPlaceHolder$AddressDetails$AddressDetails$textLastName | Last Name: |  | ctl00$ctl00$ctl00$BaseContentPlaceHolder$cHeader$searchtext_1
ADDRESS_HOME_LINE1 | ctl00$ctl00$ctl00$BaseContentPlaceHolder$mainContentPlaceHolder$MainContentPlaceHolder$AddressDetails$AddressDetails$textAddressLine1 | Address 1: |  | ctl00$ctl00$ctl00$BaseContentPlaceHolder$cHeader$searchtext_1
ADDRESS_HOME_LINE2 | ctl00$ctl00$ctl00$BaseContentPlaceHolder$mainContentPlaceHolder$MainContentPlaceHolder$AddressDetails$AddressDetails$textAddressLine2 | Address 2: (optional) |  | ctl00$ctl00$ctl00$BaseContentPlaceHolder$cHeader$searchtext_1
ADDRESS_HOME_CITY | ctl00$ctl00$ctl00$BaseContentPlaceHolder$mainContentPlaceHolder$MainContentPlaceHolder$AddressDetails$AddressDetails$textCity | City: |  | ctl00$ctl00$ctl00$BaseContentPlaceHolder$cHeader$searchtext_1
ADDRESS_HOME_STATE | ctl00$ctl00$ctl00$BaseContentPlaceHolder$mainContentPlaceHolder$MainContentPlaceHolder$AddressDetails$AddressDetails$ddlState | State/Province: | -1 | ctl00$ctl00$ctl00$BaseContentPlaceHolder$cHeader$searchtext_1
ADDRESS_HOME_ZIP | ctl00$ctl00$ctl00$BaseContentPlaceHolder$mainContentPlaceHolder$MainContentPlaceHolder$AddressDetails$AddressDetails$textZip | Zip/Postal: |  | ctl00$ctl00$ctl00$BaseContentPlaceHolder$cHeader$searchtext_1
ADDRESS_HOME_COUNTRY | ctl00$ctl00$ctl00$BaseContentPlaceHolder$mainContentPlaceHolder$MainContentPlaceHolder$AddressDetails$AddressDetails$ddlCountry | Country: | US | ctl00$ctl00$ctl00$BaseContentPlaceHolder$cHeader$searchtext_1
PHONE_HOME_WHOLE_NUMBER | ctl00$ctl00$ctl00$BaseContentPlaceHolder$mainContentPlaceHolder$MainContentPlaceHolder$AddressDetails$AddressDetails$textPhoneNumberDaytime | Phone Number: |  | ctl00$ctl00$ctl00$BaseContentPlaceHolder$cHeader$searchtext_1
EMAIL_ADDRESS | ctl00$ctl00$ctl00$BaseContentPlaceHolder$mainContentPlaceHolder$MainContentPlaceHolder$AddressDetails$AddressDetails$txtEmailAddress | Purchaser's Email: |  | ctl00$ctl00$ctl00$BaseContentPlaceHolder$cHeader$searchtext_1
EMAIL_ADDRESS | ctl00$ctl00$ctl00$BaseContentPlaceHolder$mainContentPlaceHolder$MainContentPlaceHolder$AddressDetails$AddressDetails$txtEmailAddressConfirm | Confirm Email: |  | ctl00$ctl00$ctl00$BaseContentPlaceHolder$cHeader$searchtext_1
UNKNOWN_TYPE | ctl00$ctl00$ctl00$BaseContentPlaceHolder$mainContentPlaceHolder$MainContentPlaceHolder$AddressDetails$AddressDetails$chkEmailOptIn | Confirm Email: | on | ctl00$ctl00$ctl00$BaseContentPlaceHolder$cHeader$searchtext_1
NAME_FIRST | ctl00$ctl00$ctl00$BaseContentPlaceHolder$mainContentPlaceHolder$MainContentPlaceHolder$aspShippingAddress$popAddressSelection$AddressDetails1$textFirstName | First Name: |  | ctl00$ctl00$ctl00$BaseContentPlaceHolder$mainContentPlaceHolder$MainContentPlaceHolder$aspShippingAddress$popAddressSelection$AddressDetails1$textFirstName_2
NAME_LAST | ctl00$ctl00$ctl00$BaseContentPlaceHolder$mainContentPlaceHolder$MainContentPlaceHolder$aspShippingAddress$popAddressSelection$AddressDetails1$textLastName | Last Name: |  | ctl00$ctl00$ctl00$BaseContentPlaceHolder$mainContentPlaceHolder$MainContentPlaceHolder$aspShippingAddress$popAddressSelection$AddressDetails1$textFirstName_2
ADDRESS_HOME_LINE1 | ctl00$ctl00$ctl00$BaseContentPlaceHolder$mainContentPlaceHolder$MainContentPlaceHolder$aspShippingAddress$popAddressSelection$AddressDetails1$textAddressLine1 | Address 1: |  | ctl00$ctl00$ctl00$BaseContentPlaceHolder$mainContentPlaceHolder$MainContentPlaceHolder$aspShippingAddress$popAddressSelection$AddressDetails1$textFirstName_2
ADDRESS_HOME_LINE2 | ctl00$ctl00$ctl00$BaseContentPlaceHolder$mainContentPlaceHolder$MainContentPlaceHolder$aspShippingAddress$popAddressSelection$AddressDetails1$textAddressLine2 | Address 2: (optional) |  | ctl00$ctl00$ctl00$BaseContentPlaceHolder$mainContentPlaceHolder$MainContentPlaceHolder$aspShippingAddress$popAddressSelection$AddressDetails1$textFirstName_2
ADDRESS_HOME_CITY | ctl00$ctl00$ctl00$BaseContentPlaceHolder$mainContentPlaceHolder$MainContentPlaceHolder$aspShippingAddress$popAddressSelection$AddressDetails1$textCity | City: |  | ctl00$ctl00$ctl00$BaseContentPlaceHolder$mainContentPlaceHolder$MainContentPlaceHolder$aspShippingAddress$popAddressSelection$AddressDetails1$textFirstName_2
ADDRESS_HOME_STATE | ctl00$ctl00$ctl00$BaseContentPlaceHolder$mainContentPlaceHolder$MainContentPlaceHolder$aspShippingAddress$popAddressSelection$AddressDetails1$ddlState | State/Province: | -1 | ctl00$ctl00$ctl00$BaseContentPlaceHolder$mainContentPlaceHolder$MainContentPlaceHolder$aspShippingAddress$popAddressSelection$AddressDetails1$textFirstName_2
ADDRESS_HOME_ZIP | ctl00$ctl00$ctl00$BaseContentPlaceHolder$mainContentPlaceHolder$MainContentPlaceHolder$aspShippingAddress$popAddressSelection$AddressDetails1$textZip | Zip/Postal: |  | ctl00$ctl00$ctl00$BaseContentPlaceHolder$mainContentPlaceHolder$MainContentPlaceHolder$aspShippingAddress$popAddressSelection$AddressDetails1$textFirstName_2
ADDRESS_HOME_COUNTRY | ctl00$ctl00$ctl00$BaseContentPlaceHolder$mainContentPlaceHolder$MainContentPlaceHolder$aspShippingAddress$popAddressSelection$AddressDetails1$ddlCountry | Country: | US | ctl00$ctl00$ctl00$BaseContentPlaceHolder$mainContentPlaceHolder$MainContentPlaceHolder$aspShippingAddress$popAddressSelection$AddressDetails1$textFirstName_2
PHONE_HOME_WHOLE_NUMBER | ctl00$ctl00$ctl00$BaseContentPlaceHolder$mainContentPlaceHolder$MainContentPlaceHolder$aspShippingAddress$popAddressSelection$AddressDetails1$textPhoneNumberDaytime | Phone Number: |  | ctl00$ctl00$ctl00$BaseContentPlaceHolder$mainContentPlaceHolder$MainContentPlaceHolder$aspShippingAddress$popAddressSelection$AddressDetails1$textFirstName_2
UNKNOWN_TYPE | ctl00$ctl00$ctl00$BaseContentPlaceHolder$mainContentPlaceHolder$MainContentPlaceHolder$chkSameAsBillingAddress |  | on | ctl00$ctl00$ctl00$BaseContentPlaceHolder$cHeader$searchtext_1
