EMAIL_ADDRESS | FormField[1][1] | * Email Address: |  | FormField[1][1]_1
UNKNOWN_TYPE | FormField[1][2] | * Password: |  | FormField[1][1]_1
UNKNOWN_TYPE | FormField[1][3] | * Confirm Password: |  | FormField[1][1]_1
NAME_FIRST | FormField[2][4] | * First Name: |  | FormField[1][1]_1
NAME_LAST | FormField[2][5] | * Last Name: |  | FormField[1][1]_1
COMPANY_NAME | FormField[2][6] | * Company Name: |  | FormField[1][1]_1
PHONE_HOME_WHOLE_NUMBER | FormField[2][7] | * Phone Number: |  | FormField[1][1]_1
ADDRESS_HOME_LINE1 | FormField[2][8] | * Address Line 1: |  | FormField[1][1]_1
ADDRESS_HOME_LINE2 | FormField[2][9] | * Address Line 2: |  | FormField[1][1]_1
ADDRESS_HOME_CITY | FormField[2][10] | * Suburb/City: |  | FormField[1][1]_1
ADDRESS_HOME_COUNTRY | FormField[2][11] | * Country: | United States | FormField[1][1]_1
ADDRESS_HOME_STATE | FormField[2][12] | * State/Province: |  | FormField[1][1]_1
ADDRESS_HOME_ZIP | FormField[2][13] | * Zip/Postcode: |  | FormField[1][1]_1
