SEARCH_TERM | txtSearch | Buy tickets Live train information | Search | txtSearch_1
UNKNOWN_TYPE | JP1$txtFrom | From * |  | txtSearch_1
UNKNOWN_TYPE | JP1$txtTo | To * |  | txtSearch_1
UNKNOWN_TYPE | JP1$txtDepartureDate | Out date | 18/04/2013 | txtSearch_1
UNKNOWN_TYPE | JP1$ddlDepartureHour | Hour | 15 | txtSearch_1
UNKNOWN_TYPE | JP1$ddlDepartureMin | Min | 00 | txtSearch_1
UNKNOWN_TYPE | JP1$chkReturn | Return ticket? | on | txtSearch_1
UNKNOWN_TYPE | JP1$txtReturnDate | Return date | 18/04/2013 | txtSearch_1
UNKNOWN_TYPE | JP1$ddlReturnHour | Hour | 16 | txtSearch_1
UNKNOWN_TYPE | JP1$ddlReturnMin | Min | 00 | txtSearch_1
UNKNOWN_TYPE | JP1$ddlAdults | Adults | 1 | txtSearch_1
UNKNOWN_TYPE | JP1$ddlChildren | Children | 0 | txtSearch_1
UNKNOWN_TYPE | JP1$rptCards$ctl00$Count | 16-25 Railcard | 0 | txtSearch_1
UNKNOWN_TYPE | JP1$rptCards$ctl01$Count | Annual Gold Card | 0 | txtSearch_1
UNKNOWN_TYPE | JP1$rptCards$ctl02$Count | Cambrian Lines Railcard | 0 | txtSearch_1
UNKNOWN_TYPE | JP1$rptCards$ctl03$Count | Cotswold Line Railcard | 0 | txtSearch_1
UNKNOWN_TYPE | JP1$rptCards$ctl04$Count | Devon & Cornwall Railcard | 0 | txtSearch_1
UNKNOWN_TYPE | JP1$rptCards$ctl05$Count | Dales Railcards | 0 | txtSearch_1
UNKNOWN_TYPE | JP1$rptCards$ctl06$Count | Disabled Adult Railcard | 0 | txtSearch_1
UNKNOWN_TYPE | JP1$rptCards$ctl07$Count | Disabled Child Railcard | 0 | txtSearch_1
UNKNOWN_TYPE | JP1$rptCards$ctl08$Count | Esk Valley Railcard | 0 | txtSearch_1
UNKNOWN_TYPE | JP1$rptCards$ctl09$Count | Family & Friends Railcard | 0 | txtSearch_1
UNKNOWN_TYPE | JP1$rptCards$ctl10$Count | Groupsave 3 | 0 | txtSearch_1
UNKNOWN_TYPE | JP1$rptCards$ctl11$Count | Groupsave 4 | 0 | txtSearch_1
UNKNOWN_TYPE | JP1$rptCards$ctl12$Count | Heart of Wales Line Railcard | 0 | txtSearch_1
UNKNOWN_TYPE | JP1$rptCards$ctl13$Count | HM Forces Railcard | 0 | txtSearch_1
UNKNOWN_TYPE | JP1$rptCards$ctl14$Count | Jobcentre Plus Discount Card | 0 | txtSearch_1
UNKNOWN_TYPE | JP1$rptCards$ctl15$Count | Network Railcard | 0 | txtSearch_1
UNKNOWN_TYPE | JP1$rptCards$ctl16$Count | Pembrokeshire Railcard | 0 | txtSearch_1
UNKNOWN_TYPE | JP1$rptCards$ctl17$Count | Senior Railcard | 0 | txtSearch_1
UNKNOWN_TYPE | JP1$rptCards$ctl18$Count | Scottish Youth | 0 | txtSearch_1
UNKNOWN_TYPE | JP1$rptCards$ctl19$Count | Valleys senior | 0 | txtSearch_1
UNKNOWN_TYPE | JP1$rptCards$ctl20$Count | Valleys student | 0 | txtSearch_1
UNKNOWN_TYPE | JP1$ddlRailCard | Railcards and GroupSave | none | txtSearch_1
UNKNOWN_TYPE | Register1$ddlTitle | Title: | MR | txtSearch_1
NAME_FIRST | Register1$txtForenames | Forename(s): * |  | txtSearch_1
NAME_LAST | Register1$txtSurname | Surname: * |  | txtSearch_1
EMAIL_ADDRESS | Register1$txtEmail | Email: * |  | txtSearch_1
EMAIL_ADDRESS | Register1$txtConfirmEmail | Confirm Email: * |  | txtSearch_1
PHONE_HOME_WHOLE_NUMBER | Register1$txtDayPhone | Day time phone: |  | txtSearch_1
PHONE_HOME_WHOLE_NUMBER | Register1$txtEveningPhone | Evening phone: |  | txtSearch_1
PHONE_HOME_WHOLE_NUMBER | Register1$txtMobilePhone | Mobile phone: |  | txtSearch_1
ADDRESS_HOME_LINE1 | Register1$txtAddress1 | Address Line 1: * |  | txtSearch_1
ADDRESS_HOME_LINE2 | Register1$txtAddress2 | Address Line 2: * |  | txtSearch_1
ADDRESS_HOME_LINE3 | Register1$txtAddress3 | Address Line 3: |  | txtSearch_1
UNKNOWN_TYPE | Register1$txtAddress4 | Address Line 4: |  | txtSearch_1
UNKNOWN_TYPE | Register1$txtAddress5 | Address Line 5: |  | txtSearch_1
ADDRESS_HOME_ZIP | Register1$txtPostCode | Post Code: * |  | txtSearch_1
ADDRESS_HOME_COUNTRY | Register1$ddlCountry | Country: * | Z0 | txtSearch_1
UNKNOWN_TYPE | Register1$termsandconditions$chkTerms | I agree to the terms and          conditions * | on | txtSearch_1
UNKNOWN_TYPE | Register1$chkPrivacy1984 | Please tick here if you DO NOT wish to receive information and exclusive offers from South West Trains | on | txtSearch_1
UNKNOWN_TYPE | Register1$chkPrivacy2003 | Please tick here if you DO wish to receive information and exclusive offers from our carefully selected partners | on | txtSearch_1
UNKNOWN_TYPE | Register1$txtPassword | Password: * |  | txtSearch_1
UNKNOWN_TYPE | Register1$txtConfirmPassword | Confirm Password: * |  | txtSearch_1
