UNKNOWN_TYPE | test0 | I intend to address this |  | test0_1
UNKNOWN_TYPE | test1 | I can haz city |  | test0_1
UNKNOWN_TYPE | test2 | State your intentions |  | test0_1
UNKNOWN_TYPE | test3 | Test3 |  | test0_1
