// basic_struct.test-mojom.h is auto generated by mojom_bindings_generator.py, do not edit

// Copyright 2013 The Chromium Authors
// Use of this source code is governed by a BSD-style license that can be
// found in the LICENSE file.

#ifndef BASIC_STRUCT_TEST_MOJOM_H_
#define BASIC_STRUCT_TEST_MOJOM_H_

#include <stdint.h>

#include <limits>
#include <optional>
#include <type_traits>
#include <utility>

#include "base/types/cxx23_to_underlying.h"
#include "mojo/public/cpp/bindings/clone_traits.h"
#include "mojo/public/cpp/bindings/equals_traits.h"
#include "mojo/public/cpp/bindings/lib/serialization.h"
#include "mojo/public/cpp/bindings/struct_ptr.h"
#include "mojo/public/cpp/bindings/struct_traits.h"
#include "mojo/public/cpp/bindings/union_traits.h"

#include "third_party/perfetto/include/perfetto/tracing/traced_value_forward.h"

#include "basic_struct.test-mojom-features.h"  // IWYU pragma: export
#include "basic_struct.test-mojom-shared.h"  // IWYU pragma: export
#include "basic_struct.test-mojom-forward.h"  // IWYU pragma: export
#include <string>
#include <vector>








namespace golden {





class  BasicStruct {
 public:
  template <typename T>
  using EnableIfSame = std::enable_if_t<std::is_same<BasicStruct, T>::value>;
  using DataView = BasicStructDataView;
  using Data_ = internal::BasicStruct_Data;

  template <typename... Args>
  static BasicStructPtr New(Args&&... args) {
    return BasicStructPtr(
        std::in_place, std::forward<Args>(args)...);
  }

  template <typename U>
  static BasicStructPtr From(const U& u) {
    return mojo::TypeConverter<BasicStructPtr, U>::Convert(u);
  }

  template <typename U>
  U To() const {
    return mojo::TypeConverter<U, BasicStruct>::Convert(*this);
  }


  BasicStruct();

  explicit BasicStruct(
      bool my_bool);


  ~BasicStruct();

  // Clone() is a template so it is only instantiated if it is used. Thus, the
  // bindings generator does not need to know whether Clone() or copy
  // constructor/assignment are available for members.
  template <typename StructPtrType = BasicStructPtr>
  BasicStructPtr Clone() const;

  // Equals() is a template so it is only instantiated if it is used. Thus, the
  // bindings generator does not need to know whether Equals() or == operator
  // are available for members.
  template <typename T, BasicStruct::EnableIfSame<T>* = nullptr>
  bool Equals(const T& other) const;

  template <typename T, BasicStruct::EnableIfSame<T>* = nullptr>
  bool operator==(const T& rhs) const { return Equals(rhs); }

  template <typename T, BasicStruct::EnableIfSame<T>* = nullptr>
  bool operator!=(const T& rhs) const { return !operator==(rhs); }
  size_t Hash(size_t seed) const;

  template <mojo::internal::SendValidation send_validation, typename UserType>
  static std::vector<uint8_t> Serialize(UserType* input) {
    return mojo::internal::SerializeImpl<
        BasicStruct::DataView, std::vector<uint8_t>, send_validation>(input);
  }

  template <typename UserType>
  static std::vector<uint8_t> Serialize(UserType* input) {
    return mojo::internal::SerializeImpl<
        BasicStruct::DataView, std::vector<uint8_t>>(input);
  }

  template <typename UserType>
  static mojo::Message SerializeAsMessage(UserType* input) {
    return mojo::internal::SerializeAsMessageImpl<
        BasicStruct::DataView>(input);
  }

  // The returned Message is serialized only if the message is moved
  // cross-process or cross-language. Otherwise if the message is Deserialized
  // as the same UserType |input| will just be moved to |output| in
  // DeserializeFromMessage.
  template <typename UserType>
  static mojo::Message WrapAsMessage(UserType input) {
    return mojo::Message(std::make_unique<
        internal::BasicStruct_UnserializedMessageContext<
            UserType, BasicStruct::DataView>>(0, 0, std::move(input)),
        MOJO_CREATE_MESSAGE_FLAG_NONE);
  }

  template <typename UserType>
  static bool Deserialize(const void* data,
                          size_t data_num_bytes,
                          UserType* output) {
    mojo::Message message;
    return mojo::internal::DeserializeImpl<BasicStruct::DataView>(
        message, data, data_num_bytes, output, Validate);
  }

  template <typename UserType>
  static bool Deserialize(base::span<const uint8_t> input,
                          UserType* output) {
    return BasicStruct::Deserialize(
        input.empty() ? nullptr : input.data(), input.size(), output);
  }

  template <typename UserType>
  static bool DeserializeFromMessage(mojo::Message input,
                                     UserType* output) {
    auto context = input.TakeUnserializedContext<
        internal::BasicStruct_UnserializedMessageContext<
            UserType, BasicStruct::DataView>>();
    if (context) {
      *output = std::move(context->TakeData());
      return true;
    }
    input.SerializeIfNecessary();
    return mojo::internal::DeserializeImpl<BasicStruct::DataView>(
        input, input.payload(), input.payload_num_bytes(), output, Validate);
  }

  
  bool my_bool;

  // Serialise this struct into a trace.
  void WriteIntoTrace(perfetto::TracedValue traced_context) const;

 private:
  static bool Validate(const void* data,
                       mojo::internal::ValidationContext* validation_context);
};

// The comparison operators are templates, so they are only instantiated if they
// are used. Thus, the bindings generator does not need to know whether
// comparison operators are available for members.
template <typename T, BasicStruct::EnableIfSame<T>* = nullptr>
bool operator<(const T& lhs, const T& rhs);

template <typename T, BasicStruct::EnableIfSame<T>* = nullptr>
bool operator<=(const T& lhs, const T& rhs) {
  return !(rhs < lhs);
}

template <typename T, BasicStruct::EnableIfSame<T>* = nullptr>
bool operator>(const T& lhs, const T& rhs) {
  return rhs < lhs;
}

template <typename T, BasicStruct::EnableIfSame<T>* = nullptr>
bool operator>=(const T& lhs, const T& rhs) {
  return !(lhs < rhs);
}




template <typename StructPtrType>
BasicStructPtr BasicStruct::Clone() const {
  return New(
      mojo::Clone(my_bool)
  );
}

template <typename T, BasicStruct::EnableIfSame<T>*>
bool BasicStruct::Equals(const T& other_struct) const {
  if (!mojo::Equals(this->my_bool, other_struct.my_bool))
    return false;
  return true;
}

template <typename T, BasicStruct::EnableIfSame<T>*>
bool operator<(const T& lhs, const T& rhs) {
  if (lhs.my_bool < rhs.my_bool)
    return true;
  if (rhs.my_bool < lhs.my_bool)
    return false;
  return false;
}


}  // golden

namespace mojo {


template <>
struct  StructTraits<::golden::BasicStruct::DataView,
                                         ::golden::BasicStructPtr> {
  static bool IsNull(const ::golden::BasicStructPtr& input) { return !input; }
  static void SetToNull(::golden::BasicStructPtr* output) { output->reset(); }

  static decltype(::golden::BasicStruct::my_bool) my_bool(
      const ::golden::BasicStructPtr& input) {
    return input->my_bool;
  }

  static bool Read(::golden::BasicStruct::DataView input, ::golden::BasicStructPtr* output);
};

}  // namespace mojo

#endif  // BASIC_STRUCT_TEST_MOJOM_H_