// interface.test-mojom.h is auto generated by mojom_bindings_generator.py, do not edit

// Copyright 2013 The Chromium Authors
// Use of this source code is governed by a BSD-style license that can be
// found in the LICENSE file.

#ifndef INTERFACE_TEST_MOJOM_H_
#define INTERFACE_TEST_MOJOM_H_

#include <stdint.h>

#include <limits>
#include <optional>
#include <type_traits>
#include <utility>

#include "base/types/cxx23_to_underlying.h"
#include "mojo/public/cpp/bindings/clone_traits.h"
#include "mojo/public/cpp/bindings/equals_traits.h"
#include "mojo/public/cpp/bindings/lib/serialization.h"
#include "mojo/public/cpp/bindings/struct_ptr.h"
#include "mojo/public/cpp/bindings/struct_traits.h"
#include "mojo/public/cpp/bindings/union_traits.h"

#include "third_party/perfetto/include/perfetto/tracing/traced_value_forward.h"

#include "interface.test-mojom-features.h"  // IWYU pragma: export
#include "interface.test-mojom-shared.h"  // IWYU pragma: export
#include "interface.test-mojom-forward.h"  // IWYU pragma: export
#include <string>
#include <vector>

#include "mojo/public/cpp/bindings/lib/control_message_handler.h"
#include "mojo/public/cpp/bindings/lib/message_size_estimator.h"
#include "mojo/public/cpp/bindings/raw_ptr_impl_ref_traits.h"






namespace golden {

class IFaceProxy;

template <typename ImplRefTraits>
class IFaceStub;

class IFaceRequestValidator;
class IFaceResponseValidator;


class IFace
    : public IFaceInterfaceBase {
 public:
  using IPCStableHashFunction = uint32_t(*)();

  static const char Name_[];
  static IPCStableHashFunction MessageToMethodInfo_(mojo::Message& message);
  static const char* MessageToMethodName_(mojo::Message& message);
  static constexpr uint32_t Version_ = 0;
  static constexpr bool PassesAssociatedKinds_ = false;
  static constexpr bool HasUninterruptableMethods_ = false;

  using Base_ = IFaceInterfaceBase;
  using Proxy_ = IFaceProxy;

  template <typename ImplRefTraits>
  using Stub_ = IFaceStub<ImplRefTraits>;

  using RequestValidator_ = IFaceRequestValidator;
  using ResponseValidator_ = IFaceResponseValidator;
  enum MethodMinVersions : uint32_t {
    kMethodMinVersion = 0,
  };

// crbug.com/1340245 - this causes binary size bloat on Fuchsia, and we're OK
// with not having this data in traces there.
#if !BUILDFLAG(IS_FUCHSIA)
  struct Method_Sym {
    NOINLINE static uint32_t IPCStableHash();
  };
#endif // !BUILDFLAG(IS_FUCHSIA)
  virtual ~IFace() = default;

  using MethodCallback = base::OnceCallback<void(const std::string&)>;
  using MethodMojoCallback = base::OnceCallback<void(const std::string&)>;

  virtual void Method(bool param, MethodCallback callback) = 0;
};



class  IFaceProxy
    : public IFace {
 public:
  using InterfaceType = IFace;

  explicit IFaceProxy(mojo::MessageReceiverWithResponder* receiver);
  
  void Method(bool param, MethodCallback callback) final;

 private:
  mojo::MessageReceiverWithResponder* receiver_;
};
class  IFaceStubDispatch {
 public:
  static bool Accept(IFace* impl, mojo::Message* message);
  static bool AcceptWithResponder(
      IFace* impl,
      mojo::Message* message,
      std::unique_ptr<mojo::MessageReceiverWithStatus> responder);
};

template <typename ImplRefTraits =
              mojo::RawPtrImplRefTraits<IFace>>
class IFaceStub
    : public mojo::MessageReceiverWithResponderStatus {
 public:
  using ImplPointerType = typename ImplRefTraits::PointerType;

  IFaceStub() = default;
  ~IFaceStub() override = default;

  void set_sink(ImplPointerType sink) { sink_ = std::move(sink); }
  ImplPointerType& sink() { return sink_; }

  bool Accept(mojo::Message* message) override {
    if (ImplRefTraits::IsNull(sink_))
      return false;
    return IFaceStubDispatch::Accept(
        ImplRefTraits::GetRawPointer(&sink_), message);
  }

  bool AcceptWithResponder(
      mojo::Message* message,
      std::unique_ptr<mojo::MessageReceiverWithStatus> responder) override {
    if (ImplRefTraits::IsNull(sink_))
      return false;
    return IFaceStubDispatch::AcceptWithResponder(
        ImplRefTraits::GetRawPointer(&sink_), message, std::move(responder));
  }

 private:
  ImplPointerType sink_;
};
class  IFaceRequestValidator : public mojo::MessageReceiver {
 public:
  bool Accept(mojo::Message* message) override;
};
class  IFaceResponseValidator : public mojo::MessageReceiver {
 public:
  bool Accept(mojo::Message* message) override;
};





}  // golden

namespace mojo {

}  // namespace mojo

#endif  // INTERFACE_TEST_MOJOM_H_