// optional_primitives.test-mojom.cc is auto generated by mojom_bindings_generator.py, do not edit

// Copyright 2013 The Chromium Authors
// Use of this source code is governed by a BSD-style license that can be
// found in the LICENSE file.

#if defined(__clang__)
#pragma clang diagnostic push
#pragma clang diagnostic ignored "-Wunused-private-field"
#endif

#include "optional_primitives.test-mojom.h"

#include <math.h>
#include <stdint.h>
#include <utility>

#include "base/debug/alias.h"
#include "base/run_loop.h"
#include "base/strings/string_number_conversions.h"
#include "base/task/thread_pool/thread_pool_instance.h"
#include "base/trace_event/trace_event.h"
#include "base/trace_event/typed_macros.h"
#include "mojo/public/cpp/bindings/features.h"
#include "mojo/public/cpp/bindings/lib/default_construct_tag_internal.h"
#include "mojo/public/cpp/bindings/lib/generated_code_util.h"
#include "mojo/public/cpp/bindings/lib/message_internal.h"
#include "mojo/public/cpp/bindings/lib/proxy_to_responder.h"
#include "mojo/public/cpp/bindings/lib/send_message_helper.h"
#include "mojo/public/cpp/bindings/lib/serialization_util.h"
#include "mojo/public/cpp/bindings/lib/unserialized_message_context.h"
#include "mojo/public/cpp/bindings/lib/validate_params.h"
#include "mojo/public/cpp/bindings/lib/validation_errors.h"
#include "mojo/public/cpp/bindings/mojo_buildflags.h"
#include "mojo/public/cpp/bindings/urgent_message_scope.h"
#include "mojo/public/interfaces/bindings/interface_control_messages.mojom.h"
#include "third_party/perfetto/include/perfetto/tracing/traced_value.h"

#include "optional_primitives.test-mojom-params-data.h"
#include "optional_primitives.test-mojom-shared-message-ids.h"

#include "optional_primitives.test-mojom-import-headers.h"
#include "optional_primitives.test-mojom-test-utils.h"


namespace golden {
OptionalPrimitives::OptionalPrimitives()
    : int(),
      uints(),
      boolarray(),
      bitmap() {}

OptionalPrimitives::OptionalPrimitives(
    std::optional<int32_t> int_in,
    std::vector<std::optional<uint32_t>> uints_in,
    std::vector<std::optional<bool>> boolarray_in,
    const base::flat_map<bool, std::optional<bool>>& bitmap_in)
    : int(std::move(int_in)),
      uints(std::move(uints_in)),
      boolarray(std::move(boolarray_in)),
      bitmap(std::move(bitmap_in)) {}

OptionalPrimitives::~OptionalPrimitives() = default;

void OptionalPrimitives::WriteIntoTrace(
    perfetto::TracedValue traced_context) const {
  [[maybe_unused]] auto dict = std::move(traced_context).WriteDictionary();
  perfetto::WriteIntoTracedValueWithFallback(
    dict.AddItem(
      "int"), this->int,
#if BUILDFLAG(MOJO_TRACE_ENABLED)
      "<value of type std::optional<int32_t>>"
#else
      "<value>"
#endif  // BUILDFLAG(MOJO_TRACE_ENABLED)
    );
  perfetto::WriteIntoTracedValueWithFallback(
    dict.AddItem(
      "uints"), this->uints,
#if BUILDFLAG(MOJO_TRACE_ENABLED)
      "<value of type const std::vector<std::optional<uint32_t>>&>"
#else
      "<value>"
#endif  // BUILDFLAG(MOJO_TRACE_ENABLED)
    );
  perfetto::WriteIntoTracedValueWithFallback(
    dict.AddItem(
      "boolarray"), this->boolarray,
#if BUILDFLAG(MOJO_TRACE_ENABLED)
      "<value of type const std::vector<std::optional<bool>>&>"
#else
      "<value>"
#endif  // BUILDFLAG(MOJO_TRACE_ENABLED)
    );
  perfetto::WriteIntoTracedValueWithFallback(
    dict.AddItem(
      "bitmap"), this->bitmap,
#if BUILDFLAG(MOJO_TRACE_ENABLED)
      "<value of type const base::flat_map<bool, std::optional<bool>>&>"
#else
      "<value>"
#endif  // BUILDFLAG(MOJO_TRACE_ENABLED)
    );
}

bool OptionalPrimitives::Validate(
    const void* data,
    mojo::internal::ValidationContext* validation_context) {
  return Data_::Validate(data, validation_context);
}


}  // golden


namespace mojo {


// static
bool StructTraits<::golden::OptionalPrimitives::DataView, ::golden::OptionalPrimitivesPtr>::Read(
    ::golden::OptionalPrimitives::DataView input,
    ::golden::OptionalPrimitivesPtr* output) {
  bool success = true;
  ::golden::OptionalPrimitivesPtr result(::golden::OptionalPrimitives::New());
  
      if (success) {
        result->int = input.int();
      }
      if (success && !input.ReadUints(&result->uints))
        success = false;
      if (success && !input.ReadBoolarray(&result->boolarray))
        success = false;
      if (success && !input.ReadBitmap(&result->bitmap))
        success = false;
  *output = std::move(result);
  return success;
}

}  // namespace mojo


// Symbols declared in the -test-utils.h header are defined here instead of a
// separate .cc file to save compile time.


namespace golden {




}  // golden


#if defined(__clang__)
#pragma clang diagnostic pop
#endif