// optional_primitives.test-mojom-forward.h is auto generated by mojom_bindings_generator.py, do not edit

// Copyright 2019 The Chromium Authors
// Use of this source code is governed by a BSD-style license that can be
// found in the LICENSE file.

#ifndef OPTIONAL_PRIMITIVES_TEST_MOJOM_FORWARD_H_
#define OPTIONAL_PRIMITIVES_TEST_MOJOM_FORWARD_H_



#include "mojo/public/cpp/bindings/struct_forward.h"




#include "mojo/public/interfaces/bindings/native_struct.mojom-forward.h"






namespace golden {
class OptionalPrimitivesDataView;

class OptionalPrimitives;
using OptionalPrimitivesPtr = mojo::StructPtr<OptionalPrimitives>;




}  // golden

#endif  // OPTIONAL_PRIMITIVES_TEST_MOJOM_FORWARD_H_