// typemap.test-mojom-forward.h is auto generated by mojom_bindings_generator.py, do not edit

// Copyright 2019 The Chromium Authors
// Use of this source code is governed by a BSD-style license that can be
// found in the LICENSE file.

#ifndef TYPEMAP_TEST_MOJOM_FORWARD_H_
#define TYPEMAP_TEST_MOJOM_FORWARD_H_



#include "mojo/public/cpp/bindings/struct_forward.h"

#include "mojo/public/cpp/bindings/deprecated_interface_types_forward.h"


#include "mojo/public/interfaces/bindings/native_struct.mojom-forward.h"






namespace golden {
class TypemappedDataView;

class Typemapped;
using TypemappedPtr = mojo::StructPtr<Typemapped>;

class IFaceWithTypemap;




}  // golden

#endif  // TYPEMAP_TEST_MOJOM_FORWARD_H_